// Jest Snapshot v1, https://goo.gl/fbAQLP

exports[`App Component renders all sub components correctly 1`] = `
<div
  className="App sc-htpNat jxIsVz"
>
  <button
    className="sc-bwzfXH jqnzSp"
    onClick={undefined}
  >
    +
  </button>
  <div
    className="sc-bdVaJa jeITAu"
  >
    2
  </div>
  <button
    className="sc-bwzfXH gEpyaL"
    onClick={undefined}
  >
    -
  </button>
</div>
`;
